Copyright 1986-2019 Xilinx, Inc. All Rights Reserved.
---------------------------------------------------------------------------------------------
| Tool Version : Vivado v.2019.2 (win64) Build 2708876 Wed Nov  6 21:40:23 MST 2019
| Date         : Fri Dec 20 16:23:30 2024
| Host         : MSI running 64-bit major release  (build 9200)
| Command      : report_control_sets -verbose -file chess_top_master_control_sets_placed.rpt
| Design       : chess_top_master
| Device       : xc7a35t
---------------------------------------------------------------------------------------------

Control Set Information

Table of Contents
-----------------
1. Summary
2. Histogram
3. Flip-Flop Distribution
4. Detailed Control Set Information

1. Summary
----------

+----------------------------------------------------------+-------+
|                          Status                          | Count |
+----------------------------------------------------------+-------+
| Total control sets                                       |    16 |
|    Minimum number of control sets                        |    16 |
|    Addition due to synthesis replication                 |     0 |
|    Addition due to physical synthesis replication        |     0 |
| Unused register locations in slices containing registers |    50 |
+----------------------------------------------------------+-------+
* Control sets can be merged at opt_design using control_set_merge or merge_equivalent_drivers
** Run report_qor_suggestions for automated merging and remapping suggestions


2. Histogram
------------

+--------------------+-------+
|       Fanout       | Count |
+--------------------+-------+
| Total control sets |    16 |
| >= 0 to < 4        |     1 |
| >= 4 to < 6        |     2 |
| >= 6 to < 8        |     1 |
| >= 8 to < 10       |     2 |
| >= 10 to < 12      |     4 |
| >= 12 to < 14      |     1 |
| >= 14 to < 16      |     0 |
| >= 16              |     5 |
+--------------------+-------+
* Control sets can be remapped at either synth_design or opt_design


3. Flip-Flop Distribution
-------------------------

+--------------+-----------------------+------------------------+-----------------+--------------+
| Clock Enable | Synchronous Set/Reset | Asynchronous Set/Reset | Total Registers | Total Slices |
+--------------+-----------------------+------------------------+-----------------+--------------+
| No           | No                    | No                     |              41 |           19 |
| No           | No                    | Yes                    |              63 |           21 |
| No           | Yes                   | No                     |              12 |            6 |
| Yes          | No                    | No                     |               4 |            1 |
| Yes          | No                    | Yes                    |             560 |          158 |
| Yes          | Yes                   | No                     |              22 |            8 |
+--------------+-----------------------+------------------------+-----------------+--------------+


4. Detailed Control Set Information
-----------------------------------

+----------------+---------------------------------------------------+-------------------------------+------------------+----------------+
|  Clock Signal  |                   Enable Signal                   |        Set/Reset Signal       | Slice Load Count | Bel Load Count |
+----------------+---------------------------------------------------+-------------------------------+------------------+----------------+
|  m2/Q_BUFG[0]  |                                                   | rst_IBUF                      |                2 |              2 |
|  clk_IBUF_BUFG | cc/kd1/E[0]                                       |                               |                1 |              4 |
|  clk_IBUF_BUFG | cc/kd1/inst/inst/Ps2Interface_i/bits_count        | rst_IBUF                      |                2 |              4 |
|  m15/out[0]    |                                                   |                               |                2 |              7 |
|  clk_IBUF_BUFG | cc/kd1/inst/inst/Ps2Interface_i/rx_finish         | rst_IBUF                      |                2 |              8 |
|  clk_IBUF_BUFG | cc/kd1/inst/inst/Ps2Interface_i/rx_valid          | rst_IBUF                      |                2 |              8 |
|  m2/Q_BUFG[0]  |                                                   |                               |                7 |             10 |
|  m2/Q_BUFG[0]  |                                                   | vga_inst/pixel_cnt[9]_i_1_n_0 |                4 |             10 |
|  m2/Q_BUFG[0]  | vga_inst/line_cnt                                 | vga_inst/line_cnt[9]_i_1_n_0  |                3 |             10 |
|  clk_IBUF_BUFG | cc/kd1/inst/inst/Ps2Interface_i/frame[10]_i_1_n_0 | rst_IBUF                      |                2 |             11 |
|  clk_IBUF_BUFG | cc/kd1/state_reg[1][0]                            | cc/pre_cursor[5]_i_1_n_0      |                5 |             12 |
|  clk_IBUF_BUFG | cc/kd1/key                                        | rst_IBUF                      |                5 |             17 |
|  clk_IBUF_BUFG |                                                   |                               |               10 |             24 |
|  clk_IBUF_BUFG | op/board                                          |                               |                6 |             24 |
|  clk_IBUF_BUFG |                                                   | rst_IBUF                      |               21 |             63 |
|  clk_IBUF_BUFG | cc/kd1/op/E[0]                                    | rst_IBUF                      |              145 |            512 |
+----------------+---------------------------------------------------+-------------------------------+------------------+----------------+


